Baseline MCTS: {'azar_wins': 991, 'azar_losses': 3, 'azar_draws': 6, 'azar_win_rate': 0.991, 'azar_score': 0.993, 'codigo3_wins': 250, 'codigo3_losses': 750, 'codigo3_draws': 0, 'codigo3_win_rate': 0.25, 'codigo3_score': 0.25, 'codigo4_wins': 0, 'codigo4_losses': 1000, 'codigo4_draws': 0, 'codigo4_win_rate': 0.0, 'codigo4_score': 0.0, 'codigo5_wins': 250, 'codigo5_losses': 750, 'codigo5_draws': 0, 'codigo5_win_rate': 0.25, 'codigo5_score': 0.25, 'mixed_score': 0.37324999999999997, 'worst_case_score': 0.0}
Entrenamiento AlphaZero Mancala
iteraciones=200 self_play_games=50 simulaciones=50 replay=300000
Iter    1 | nuevos  1846 | replay   1846 | loss 1.2699 | policy mixed nan% | MCTS mixed nan% | Azar policy nan% | Azar MCTS nan%
Iter    2 | nuevos  1808 | replay   3654 | loss 1.2445 | policy mixed nan% | MCTS mixed nan% | Azar policy nan% | Azar MCTS nan%
Iter    3 | nuevos  1797 | replay   5451 | loss 1.1980 | policy mixed nan% | MCTS mixed nan% | Azar policy nan% | Azar MCTS nan%
Iter    4 | nuevos  1850 | replay   7301 | loss 1.2027 | policy mixed nan% | MCTS mixed nan% | Azar policy nan% | Azar MCTS nan%
Iter    5 | nuevos  1845 | replay   9146 | loss 1.1722 | policy mixed nan% | MCTS mixed nan% | Azar policy nan% | Azar MCTS nan%
Iter    6 | nuevos  1861 | replay  11007 | loss 1.1639 | policy mixed nan% | MCTS mixed nan% | Azar policy nan% | Azar MCTS nan%
Iter    7 | nuevos  1778 | replay  12785 | loss 1.1625 | policy mixed nan% | MCTS mixed nan% | Azar policy nan% | Azar MCTS nan%
Iter    8 | nuevos  1903 | replay  14688 | loss 1.1552 | policy mixed nan% | MCTS mixed nan% | Azar policy nan% | Azar MCTS nan%
Iter    9 | nuevos  2005 | replay  16693 | loss 1.1589 | policy mixed nan% | MCTS mixed nan% | Azar policy nan% | Azar MCTS nan%
Iter   10 | nuevos  1834 | replay  18527 | loss 1.1823 | policy mixed nan% | MCTS mixed nan% | Azar policy nan% | Azar MCTS nan%
Iter   11 | nuevos  1783 | replay  20310 | loss 1.1748 | policy mixed nan% | MCTS mixed nan% | Azar policy nan% | Azar MCTS nan%
Iter   12 | nuevos  1966 | replay  22276 | loss 1.1445 | policy mixed nan% | MCTS mixed nan% | Azar policy nan% | Azar MCTS nan%
Iter   13 | nuevos  1811 | replay  24087 | loss 1.1354 | policy mixed nan% | MCTS mixed nan% | Azar policy nan% | Azar MCTS nan%
Iter   14 | nuevos  1944 | replay  26031 | loss 1.1268 | policy mixed nan% | MCTS mixed nan% | Azar policy nan% | Azar MCTS nan%
Iter   15 | nuevos  1877 | replay  27908 | loss 1.1393 | policy mixed nan% | MCTS mixed nan% | Azar policy nan% | Azar MCTS nan%
Iter   16 | nuevos  1936 | replay  29844 | loss 1.1433 | policy mixed nan% | MCTS mixed nan% | Azar policy nan% | Azar MCTS nan%
Iter   17 | nuevos  1894 | replay  31738 | loss 1.1306 | policy mixed nan% | MCTS mixed nan% | Azar policy nan% | Azar MCTS nan%
Iter   18 | nuevos  1748 | replay  33486 | loss 1.1324 | policy mixed nan% | MCTS mixed nan% | Azar policy nan% | Azar MCTS nan%
Iter   19 | nuevos  1881 | replay  35367 | loss 1.1459 | policy mixed nan% | MCTS mixed nan% | Azar policy nan% | Azar MCTS nan%
Iter   20 | nuevos  1886 | replay  37253 | loss 1.1358 | policy mixed 30.27% | MCTS mixed 64.50% | Azar policy 95.6% | Azar MCTS 99.6%
Iter   21 | nuevos  1933 | replay  39186 | loss 1.1290 | policy mixed nan% | MCTS mixed nan% | Azar policy nan% | Azar MCTS nan%
Iter   22 | nuevos  1820 | replay  41006 | loss 1.1129 | policy mixed nan% | MCTS mixed nan% | Azar policy nan% | Azar MCTS nan%
Iter   23 | nuevos  1880 | replay  42886 | loss 1.1386 | policy mixed nan% | MCTS mixed nan% | Azar policy nan% | Azar MCTS nan%
Iter   24 | nuevos  1798 | replay  44684 | loss 1.1332 | policy mixed nan% | MCTS mixed nan% | Azar policy nan% | Azar MCTS nan%
Iter   25 | nuevos  1856 | replay  46540 | loss 1.1558 | policy mixed nan% | MCTS mixed nan% | Azar policy nan% | Azar MCTS nan%
Iter   26 | nuevos  1767 | replay  48307 | loss 1.1412 | policy mixed nan% | MCTS mixed nan% | Azar policy nan% | Azar MCTS nan%
Iter   27 | nuevos  1849 | replay  50156 | loss 1.1435 | policy mixed nan% | MCTS mixed nan% | Azar policy nan% | Azar MCTS nan%
Iter   28 | nuevos  1892 | replay  52048 | loss 1.1357 | policy mixed nan% | MCTS mixed nan% | Azar policy nan% | Azar MCTS nan%
Iter   29 | nuevos  1930 | replay  53978 | loss 1.1200 | policy mixed nan% | MCTS mixed nan% | Azar policy nan% | Azar MCTS nan%
Iter   30 | nuevos  1887 | replay  55865 | loss 1.1450 | policy mixed nan% | MCTS mixed nan% | Azar policy nan% | Azar MCTS nan%
Iter   31 | nuevos  1758 | replay  57623 | loss 1.1420 | policy mixed nan% | MCTS mixed nan% | Azar policy nan% | Azar MCTS nan%
Iter   32 | nuevos  1760 | replay  59383 | loss 1.1563 | policy mixed nan% | MCTS mixed nan% | Azar policy nan% | Azar MCTS nan%
Iter   33 | nuevos  1812 | replay  61195 | loss 1.1196 | policy mixed nan% | MCTS mixed nan% | Azar policy nan% | Azar MCTS nan%
Iter   34 | nuevos  1761 | replay  62956 | loss 1.1363 | policy mixed nan% | MCTS mixed nan% | Azar policy nan% | Azar MCTS nan%
Iter   35 | nuevos  1887 | replay  64843 | loss 1.1329 | policy mixed nan% | MCTS mixed nan% | Azar policy nan% | Azar MCTS nan%
Iter   36 | nuevos  1760 | replay  66603 | loss 1.1438 | policy mixed nan% | MCTS mixed nan% | Azar policy nan% | Azar MCTS nan%
Iter   37 | nuevos  1758 | replay  68361 | loss 1.1222 | policy mixed nan% | MCTS mixed nan% | Azar policy nan% | Azar MCTS nan%
Iter   38 | nuevos  1827 | replay  70188 | loss 1.1241 | policy mixed nan% | MCTS mixed nan% | Azar policy nan% | Azar MCTS nan%
Iter   39 | nuevos  1829 | replay  72017 | loss 1.1330 | policy mixed nan% | MCTS mixed nan% | Azar policy nan% | Azar MCTS nan%
Iter   40 | nuevos  1835 | replay  73852 | loss 1.1202 | policy mixed 32.73% | MCTS mixed 68.67% | Azar policy 97.4% | Azar MCTS 99.6%
Iter   41 | nuevos  1761 | replay  75613 | loss 1.1264 | policy mixed nan% | MCTS mixed nan% | Azar policy nan% | Azar MCTS nan%
Iter   42 | nuevos  1778 | replay  77391 | loss 1.1239 | policy mixed nan% | MCTS mixed nan% | Azar policy nan% | Azar MCTS nan%
Iter   43 | nuevos  1942 | replay  79333 | loss 1.1285 | policy mixed nan% | MCTS mixed nan% | Azar policy nan% | Azar MCTS nan%
Iter   44 | nuevos  1816 | replay  81149 | loss 1.1291 | policy mixed nan% | MCTS mixed nan% | Azar policy nan% | Azar MCTS nan%
Iter   45 | nuevos  1808 | replay  82957 | loss 1.1083 | policy mixed nan% | MCTS mixed nan% | Azar policy nan% | Azar MCTS nan%
Iter   46 | nuevos  1876 | replay  84833 | loss 1.1220 | policy mixed nan% | MCTS mixed nan% | Azar policy nan% | Azar MCTS nan%
Iter   47 | nuevos  1887 | replay  86720 | loss 1.1197 | policy mixed nan% | MCTS mixed nan% | Azar policy nan% | Azar MCTS nan%
Iter   48 | nuevos  1757 | replay  88477 | loss 1.1066 | policy mixed nan% | MCTS mixed nan% | Azar policy nan% | Azar MCTS nan%
Iter   49 | nuevos  1836 | replay  90313 | loss 1.1052 | policy mixed nan% | MCTS mixed nan% | Azar policy nan% | Azar MCTS nan%
Iter   50 | nuevos  1806 | replay  92119 | loss 1.1194 | policy mixed nan% | MCTS mixed nan% | Azar policy nan% | Azar MCTS nan%
Iter   51 | nuevos  1875 | replay  93994 | loss 1.1201 | policy mixed nan% | MCTS mixed nan% | Azar policy nan% | Azar MCTS nan%
Iter   52 | nuevos  1879 | replay  95873 | loss 1.0926 | policy mixed nan% | MCTS mixed nan% | Azar policy nan% | Azar MCTS nan%
Iter   53 | nuevos  1777 | replay  97650 | loss 1.1068 | policy mixed nan% | MCTS mixed nan% | Azar policy nan% | Azar MCTS nan%
Iter   54 | nuevos  1918 | replay  99568 | loss 1.1002 | policy mixed nan% | MCTS mixed nan% | Azar policy nan% | Azar MCTS nan%
Iter   55 | nuevos  1754 | replay 101322 | loss 1.1158 | policy mixed nan% | MCTS mixed nan% | Azar policy nan% | Azar MCTS nan%
Iter   56 | nuevos  1912 | replay 103234 | loss 1.1138 | policy mixed nan% | MCTS mixed nan% | Azar policy nan% | Azar MCTS nan%
Iter   57 | nuevos  1890 | replay 105124 | loss 1.0971 | policy mixed nan% | MCTS mixed nan% | Azar policy nan% | Azar MCTS nan%
Iter   58 | nuevos  1857 | replay 106981 | loss 1.1169 | policy mixed nan% | MCTS mixed nan% | Azar policy nan% | Azar MCTS nan%
Iter   59 | nuevos  1909 | replay 108890 | loss 1.0989 | policy mixed nan% | MCTS mixed nan% | Azar policy nan% | Azar MCTS nan%
Iter   60 | nuevos  1863 | replay 110753 | loss 1.1090 | policy mixed 32.35% | MCTS mixed 62.41% | Azar policy 95.6% | Azar MCTS 99.6%
Iter   61 | nuevos  1786 | replay 112539 | loss 1.1027 | policy mixed nan% | MCTS mixed nan% | Azar policy nan% | Azar MCTS nan%
Iter   62 | nuevos  1721 | replay 114260 | loss 1.0863 | policy mixed nan% | MCTS mixed nan% | Azar policy nan% | Azar MCTS nan%
Iter   63 | nuevos  1795 | replay 116055 | loss 1.0936 | policy mixed nan% | MCTS mixed nan% | Azar policy nan% | Azar MCTS nan%
Iter   64 | nuevos  1801 | replay 117856 | loss 1.1018 | policy mixed nan% | MCTS mixed nan% | Azar policy nan% | Azar MCTS nan%
Iter   65 | nuevos  1829 | replay 119685 | loss 1.0951 | policy mixed nan% | MCTS mixed nan% | Azar policy nan% | Azar MCTS nan%
Iter   66 | nuevos  1786 | replay 121471 | loss 1.0693 | policy mixed nan% | MCTS mixed nan% | Azar policy nan% | Azar MCTS nan%
Iter   67 | nuevos  1935 | replay 123406 | loss 1.1052 | policy mixed nan% | MCTS mixed nan% | Azar policy nan% | Azar MCTS nan%
Iter   68 | nuevos  1967 | replay 125373 | loss 1.0917 | policy mixed nan% | MCTS mixed nan% | Azar policy nan% | Azar MCTS nan%
Iter   69 | nuevos  1881 | replay 127254 | loss 1.0918 | policy mixed nan% | MCTS mixed nan% | Azar policy nan% | Azar MCTS nan%
Iter   70 | nuevos  1832 | replay 129086 | loss 1.0836 | policy mixed nan% | MCTS mixed nan% | Azar policy nan% | Azar MCTS nan%
Iter   71 | nuevos  1750 | replay 130836 | loss 1.0819 | policy mixed nan% | MCTS mixed nan% | Azar policy nan% | Azar MCTS nan%
Iter   72 | nuevos  1827 | replay 132663 | loss 1.0719 | policy mixed nan% | MCTS mixed nan% | Azar policy nan% | Azar MCTS nan%
Iter   73 | nuevos  1905 | replay 134568 | loss 1.0786 | policy mixed nan% | MCTS mixed nan% | Azar policy nan% | Azar MCTS nan%
Iter   74 | nuevos  1754 | replay 136322 | loss 1.0823 | policy mixed nan% | MCTS mixed nan% | Azar policy nan% | Azar MCTS nan%
Iter   75 | nuevos  1859 | replay 138181 | loss 1.0660 | policy mixed nan% | MCTS mixed nan% | Azar policy nan% | Azar MCTS nan%
Iter   76 | nuevos  1812 | replay 139993 | loss 1.0775 | policy mixed nan% | MCTS mixed nan% | Azar policy nan% | Azar MCTS nan%
Iter   77 | nuevos  1784 | replay 141777 | loss 1.0960 | policy mixed nan% | MCTS mixed nan% | Azar policy nan% | Azar MCTS nan%
Iter   78 | nuevos  1819 | replay 143596 | loss 1.0698 | policy mixed nan% | MCTS mixed nan% | Azar policy nan% | Azar MCTS nan%
Iter   79 | nuevos  1837 | replay 145433 | loss 1.0745 | policy mixed nan% | MCTS mixed nan% | Azar policy nan% | Azar MCTS nan%
Iter   80 | nuevos  1856 | replay 147289 | loss 1.0754 | policy mixed 57.83% | MCTS mixed 70.82% | Azar policy 97.9% | Azar MCTS 99.9%
Iter   81 | nuevos  1903 | replay 149192 | loss 1.0726 | policy mixed nan% | MCTS mixed nan% | Azar policy nan% | Azar MCTS nan%
Iter   82 | nuevos  1797 | replay 150989 | loss 1.0920 | policy mixed nan% | MCTS mixed nan% | Azar policy nan% | Azar MCTS nan%
Iter   83 | nuevos  1842 | replay 152831 | loss 1.0775 | policy mixed nan% | MCTS mixed nan% | Azar policy nan% | Azar MCTS nan%
Iter   84 | nuevos  1831 | replay 154662 | loss 1.0867 | policy mixed nan% | MCTS mixed nan% | Azar policy nan% | Azar MCTS nan%
Iter   85 | nuevos  1782 | replay 156444 | loss 1.0770 | policy mixed nan% | MCTS mixed nan% | Azar policy nan% | Azar MCTS nan%
Iter   86 | nuevos  1857 | replay 158301 | loss 1.0875 | policy mixed nan% | MCTS mixed nan% | Azar policy nan% | Azar MCTS nan%
Iter   87 | nuevos  1850 | replay 160151 | loss 1.0596 | policy mixed nan% | MCTS mixed nan% | Azar policy nan% | Azar MCTS nan%
Iter   88 | nuevos  1857 | replay 162008 | loss 1.0813 | policy mixed nan% | MCTS mixed nan% | Azar policy nan% | Azar MCTS nan%
Iter   89 | nuevos  1937 | replay 163945 | loss 1.0793 | policy mixed nan% | MCTS mixed nan% | Azar policy nan% | Azar MCTS nan%
Iter   90 | nuevos  1906 | replay 165851 | loss 1.0596 | policy mixed nan% | MCTS mixed nan% | Azar policy nan% | Azar MCTS nan%
Iter   91 | nuevos  1799 | replay 167650 | loss 1.0675 | policy mixed nan% | MCTS mixed nan% | Azar policy nan% | Azar MCTS nan%
Iter   92 | nuevos  1819 | replay 169469 | loss 1.0864 | policy mixed nan% | MCTS mixed nan% | Azar policy nan% | Azar MCTS nan%
Iter   93 | nuevos  1726 | replay 171195 | loss 1.0870 | policy mixed nan% | MCTS mixed nan% | Azar policy nan% | Azar MCTS nan%
Iter   94 | nuevos  1829 | replay 173024 | loss 1.0695 | policy mixed nan% | MCTS mixed nan% | Azar policy nan% | Azar MCTS nan%
Iter   95 | nuevos  1808 | replay 174832 | loss 1.0639 | policy mixed nan% | MCTS mixed nan% | Azar policy nan% | Azar MCTS nan%
Iter   96 | nuevos  1759 | replay 176591 | loss 1.0750 | policy mixed nan% | MCTS mixed nan% | Azar policy nan% | Azar MCTS nan%
Iter   97 | nuevos  1795 | replay 178386 | loss 1.1015 | policy mixed nan% | MCTS mixed nan% | Azar policy nan% | Azar MCTS nan%
Iter   98 | nuevos  1863 | replay 180249 | loss 1.0873 | policy mixed nan% | MCTS mixed nan% | Azar policy nan% | Azar MCTS nan%
Iter   99 | nuevos  1833 | replay 182082 | loss 1.0860 | policy mixed nan% | MCTS mixed nan% | Azar policy nan% | Azar MCTS nan%
Iter  100 | nuevos  1819 | replay 183901 | loss 1.0770 | policy mixed 39.03% | MCTS mixed 60.39% | Azar policy 97.4% | Azar MCTS 99.9%
Iter  101 | nuevos  1777 | replay 185678 | loss 1.0492 | policy mixed nan% | MCTS mixed nan% | Azar policy nan% | Azar MCTS nan%
Iter  102 | nuevos  1962 | replay 187640 | loss 1.0598 | policy mixed nan% | MCTS mixed nan% | Azar policy nan% | Azar MCTS nan%
Iter  103 | nuevos  1931 | replay 189571 | loss 1.0707 | policy mixed nan% | MCTS mixed nan% | Azar policy nan% | Azar MCTS nan%
Iter  104 | nuevos  1780 | replay 191351 | loss 1.0512 | policy mixed nan% | MCTS mixed nan% | Azar policy nan% | Azar MCTS nan%
Iter  105 | nuevos  1777 | replay 193128 | loss 1.0757 | policy mixed nan% | MCTS mixed nan% | Azar policy nan% | Azar MCTS nan%
Iter  106 | nuevos  1809 | replay 194937 | loss 1.0613 | policy mixed nan% | MCTS mixed nan% | Azar policy nan% | Azar MCTS nan%
Iter  107 | nuevos  1811 | replay 196748 | loss 1.0710 | policy mixed nan% | MCTS mixed nan% | Azar policy nan% | Azar MCTS nan%
Iter  108 | nuevos  1896 | replay 198644 | loss 1.0706 | policy mixed nan% | MCTS mixed nan% | Azar policy nan% | Azar MCTS nan%
Iter  109 | nuevos  1893 | replay 200537 | loss 1.0527 | policy mixed nan% | MCTS mixed nan% | Azar policy nan% | Azar MCTS nan%
Iter  110 | nuevos  1901 | replay 202438 | loss 1.0538 | policy mixed nan% | MCTS mixed nan% | Azar policy nan% | Azar MCTS nan%
Iter  111 | nuevos  1835 | replay 204273 | loss 1.0362 | policy mixed nan% | MCTS mixed nan% | Azar policy nan% | Azar MCTS nan%
Iter  112 | nuevos  1939 | replay 206212 | loss 1.0448 | policy mixed nan% | MCTS mixed nan% | Azar policy nan% | Azar MCTS nan%
Iter  113 | nuevos  1812 | replay 208024 | loss 1.0348 | policy mixed nan% | MCTS mixed nan% | Azar policy nan% | Azar MCTS nan%
Iter  114 | nuevos  1792 | replay 209816 | loss 1.0496 | policy mixed nan% | MCTS mixed nan% | Azar policy nan% | Azar MCTS nan%
Iter  115 | nuevos  1745 | replay 211561 | loss 1.0407 | policy mixed nan% | MCTS mixed nan% | Azar policy nan% | Azar MCTS nan%
Iter  116 | nuevos  1808 | replay 213369 | loss 1.0761 | policy mixed nan% | MCTS mixed nan% | Azar policy nan% | Azar MCTS nan%
Iter  117 | nuevos  1698 | replay 215067 | loss 1.0510 | policy mixed nan% | MCTS mixed nan% | Azar policy nan% | Azar MCTS nan%
Iter  118 | nuevos  1702 | replay 216769 | loss 1.0532 | policy mixed nan% | MCTS mixed nan% | Azar policy nan% | Azar MCTS nan%
Iter  119 | nuevos  1752 | replay 218521 | loss 1.0580 | policy mixed nan% | MCTS mixed nan% | Azar policy nan% | Azar MCTS nan%
Iter  120 | nuevos  1866 | replay 220387 | loss 1.0603 | policy mixed 35.07% | MCTS mixed 62.41% | Azar policy 98.5% | Azar MCTS 99.6%
Iter  121 | nuevos  1860 | replay 222247 | loss 1.0348 | policy mixed nan% | MCTS mixed nan% | Azar policy nan% | Azar MCTS nan%
Iter  122 | nuevos  1840 | replay 224087 | loss 1.0474 | policy mixed nan% | MCTS mixed nan% | Azar policy nan% | Azar MCTS nan%
Iter  123 | nuevos  1843 | replay 225930 | loss 1.0415 | policy mixed nan% | MCTS mixed nan% | Azar policy nan% | Azar MCTS nan%
Iter  124 | nuevos  1776 | replay 227706 | loss 1.0438 | policy mixed nan% | MCTS mixed nan% | Azar policy nan% | Azar MCTS nan%
Iter  125 | nuevos  1889 | replay 229595 | loss 1.0338 | policy mixed nan% | MCTS mixed nan% | Azar policy nan% | Azar MCTS nan%
Iter  126 | nuevos  1890 | replay 231485 | loss 1.0413 | policy mixed nan% | MCTS mixed nan% | Azar policy nan% | Azar MCTS nan%
Iter  127 | nuevos  1811 | replay 233296 | loss 1.0560 | policy mixed nan% | MCTS mixed nan% | Azar policy nan% | Azar MCTS nan%
Iter  128 | nuevos  1905 | replay 235201 | loss 1.0472 | policy mixed nan% | MCTS mixed nan% | Azar policy nan% | Azar MCTS nan%
Iter  129 | nuevos  1838 | replay 237039 | loss 1.0366 | policy mixed nan% | MCTS mixed nan% | Azar policy nan% | Azar MCTS nan%
Iter  130 | nuevos  1905 | replay 238944 | loss 1.0308 | policy mixed nan% | MCTS mixed nan% | Azar policy nan% | Azar MCTS nan%
Iter  131 | nuevos  1872 | replay 240816 | loss 1.0485 | policy mixed nan% | MCTS mixed nan% | Azar policy nan% | Azar MCTS nan%
Iter  132 | nuevos  1707 | replay 242523 | loss 1.0330 | policy mixed nan% | MCTS mixed nan% | Azar policy nan% | Azar MCTS nan%
Iter  133 | nuevos  1896 | replay 244419 | loss 1.0275 | policy mixed nan% | MCTS mixed nan% | Azar policy nan% | Azar MCTS nan%
Iter  134 | nuevos  1796 | replay 246215 | loss 1.0290 | policy mixed nan% | MCTS mixed nan% | Azar policy nan% | Azar MCTS nan%
Iter  135 | nuevos  1909 | replay 248124 | loss 1.0155 | policy mixed nan% | MCTS mixed nan% | Azar policy nan% | Azar MCTS nan%
Iter  136 | nuevos  1814 | replay 249938 | loss 1.0313 | policy mixed nan% | MCTS mixed nan% | Azar policy nan% | Azar MCTS nan%
Iter  137 | nuevos  1759 | replay 251697 | loss 1.0289 | policy mixed nan% | MCTS mixed nan% | Azar policy nan% | Azar MCTS nan%
Iter  138 | nuevos  1815 | replay 253512 | loss 1.0297 | policy mixed nan% | MCTS mixed nan% | Azar policy nan% | Azar MCTS nan%
Iter  139 | nuevos  1898 | replay 255410 | loss 1.0176 | policy mixed nan% | MCTS mixed nan% | Azar policy nan% | Azar MCTS nan%
Iter  140 | nuevos  1830 | replay 257240 | loss 1.0227 | policy mixed 39.19% | MCTS mixed 62.46% | Azar policy 98.3% | Azar MCTS 99.8%
Iter  141 | nuevos  1874 | replay 259114 | loss 1.0458 | policy mixed nan% | MCTS mixed nan% | Azar policy nan% | Azar MCTS nan%
Iter  142 | nuevos  1757 | replay 260871 | loss 1.0387 | policy mixed nan% | MCTS mixed nan% | Azar policy nan% | Azar MCTS nan%
Iter  143 | nuevos  1775 | replay 262646 | loss 1.0241 | policy mixed nan% | MCTS mixed nan% | Azar policy nan% | Azar MCTS nan%
Iter  144 | nuevos  1822 | replay 264468 | loss 1.0237 | policy mixed nan% | MCTS mixed nan% | Azar policy nan% | Azar MCTS nan%
Iter  145 | nuevos  1774 | replay 266242 | loss 1.0293 | policy mixed nan% | MCTS mixed nan% | Azar policy nan% | Azar MCTS nan%
Iter  146 | nuevos  1911 | replay 268153 | loss 1.0205 | policy mixed nan% | MCTS mixed nan% | Azar policy nan% | Azar MCTS nan%
Iter  147 | nuevos  1780 | replay 269933 | loss 1.0414 | policy mixed nan% | MCTS mixed nan% | Azar policy nan% | Azar MCTS nan%
Iter  148 | nuevos  1867 | replay 271800 | loss 1.0215 | policy mixed nan% | MCTS mixed nan% | Azar policy nan% | Azar MCTS nan%
Iter  149 | nuevos  1775 | replay 273575 | loss 1.0373 | policy mixed nan% | MCTS mixed nan% | Azar policy nan% | Azar MCTS nan%
Iter  150 | nuevos  1787 | replay 275362 | loss 1.0233 | policy mixed nan% | MCTS mixed nan% | Azar policy nan% | Azar MCTS nan%
Iter  151 | nuevos  1936 | replay 277298 | loss 1.0133 | policy mixed nan% | MCTS mixed nan% | Azar policy nan% | Azar MCTS nan%
Iter  152 | nuevos  1859 | replay 279157 | loss 1.0267 | policy mixed nan% | MCTS mixed nan% | Azar policy nan% | Azar MCTS nan%
Iter  153 | nuevos  1831 | replay 280988 | loss 1.0218 | policy mixed nan% | MCTS mixed nan% | Azar policy nan% | Azar MCTS nan%
Iter  154 | nuevos  1798 | replay 282786 | loss 1.0134 | policy mixed nan% | MCTS mixed nan% | Azar policy nan% | Azar MCTS nan%
Iter  155 | nuevos  1704 | replay 284490 | loss 0.9939 | policy mixed nan% | MCTS mixed nan% | Azar policy nan% | Azar MCTS nan%
Iter  156 | nuevos  1787 | replay 286277 | loss 1.0182 | policy mixed nan% | MCTS mixed nan% | Azar policy nan% | Azar MCTS nan%
Iter  157 | nuevos  1857 | replay 288134 | loss 1.0143 | policy mixed nan% | MCTS mixed nan% | Azar policy nan% | Azar MCTS nan%
Iter  158 | nuevos  1882 | replay 290016 | loss 1.0145 | policy mixed nan% | MCTS mixed nan% | Azar policy nan% | Azar MCTS nan%
Iter  159 | nuevos  1822 | replay 291838 | loss 1.0294 | policy mixed nan% | MCTS mixed nan% | Azar policy nan% | Azar MCTS nan%
Iter  160 | nuevos  1836 | replay 293674 | loss 1.0270 | policy mixed 43.35% | MCTS mixed 58.21% | Azar policy 98.2% | Azar MCTS 99.4%
Iter  161 | nuevos  1894 | replay 295568 | loss 1.0336 | policy mixed nan% | MCTS mixed nan% | Azar policy nan% | Azar MCTS nan%
Iter  162 | nuevos  1804 | replay 297372 | loss 1.0168 | policy mixed nan% | MCTS mixed nan% | Azar policy nan% | Azar MCTS nan%
Iter  163 | nuevos  1950 | replay 299322 | loss 1.0072 | policy mixed nan% | MCTS mixed nan% | Azar policy nan% | Azar MCTS nan%
Iter  164 | nuevos  1727 | replay 300000 | loss 1.0108 | policy mixed nan% | MCTS mixed nan% | Azar policy nan% | Azar MCTS nan%
Iter  165 | nuevos  1867 | replay 300000 | loss 0.9895 | policy mixed nan% | MCTS mixed nan% | Azar policy nan% | Azar MCTS nan%
Iter  166 | nuevos  1766 | replay 300000 | loss 1.0163 | policy mixed nan% | MCTS mixed nan% | Azar policy nan% | Azar MCTS nan%
Iter  167 | nuevos  1958 | replay 300000 | loss 1.0115 | policy mixed nan% | MCTS mixed nan% | Azar policy nan% | Azar MCTS nan%
Iter  168 | nuevos  1895 | replay 300000 | loss 1.0052 | policy mixed nan% | MCTS mixed nan% | Azar policy nan% | Azar MCTS nan%
Iter  169 | nuevos  1848 | replay 300000 | loss 1.0001 | policy mixed nan% | MCTS mixed nan% | Azar policy nan% | Azar MCTS nan%
Iter  170 | nuevos  1811 | replay 300000 | loss 1.0151 | policy mixed nan% | MCTS mixed nan% | Azar policy nan% | Azar MCTS nan%
Iter  171 | nuevos  1828 | replay 300000 | loss 0.9998 | policy mixed nan% | MCTS mixed nan% | Azar policy nan% | Azar MCTS nan%
Iter  172 | nuevos  1848 | replay 300000 | loss 0.9807 | policy mixed nan% | MCTS mixed nan% | Azar policy nan% | Azar MCTS nan%
Iter  173 | nuevos  1894 | replay 300000 | loss 1.0106 | policy mixed nan% | MCTS mixed nan% | Azar policy nan% | Azar MCTS nan%
Iter  174 | nuevos  1820 | replay 300000 | loss 1.0098 | policy mixed nan% | MCTS mixed nan% | Azar policy nan% | Azar MCTS nan%
Iter  175 | nuevos  1869 | replay 300000 | loss 0.9997 | policy mixed nan% | MCTS mixed nan% | Azar policy nan% | Azar MCTS nan%
Iter  176 | nuevos  1761 | replay 300000 | loss 0.9929 | policy mixed nan% | MCTS mixed nan% | Azar policy nan% | Azar MCTS nan%
Iter  177 | nuevos  1780 | replay 300000 | loss 1.0079 | policy mixed nan% | MCTS mixed nan% | Azar policy nan% | Azar MCTS nan%
Iter  178 | nuevos  1923 | replay 300000 | loss 0.9924 | policy mixed nan% | MCTS mixed nan% | Azar policy nan% | Azar MCTS nan%
Iter  179 | nuevos  1888 | replay 300000 | loss 0.9754 | policy mixed nan% | MCTS mixed nan% | Azar policy nan% | Azar MCTS nan%
Iter  180 | nuevos  1880 | replay 300000 | loss 0.9755 | policy mixed 51.69% | MCTS mixed 64.46% | Azar policy 98.1% | Azar MCTS 99.4%
Iter  181 | nuevos  1885 | replay 300000 | loss 0.9764 | policy mixed nan% | MCTS mixed nan% | Azar policy nan% | Azar MCTS nan%
Iter  182 | nuevos  1866 | replay 300000 | loss 0.9958 | policy mixed nan% | MCTS mixed nan% | Azar policy nan% | Azar MCTS nan%
Iter  183 | nuevos  1746 | replay 300000 | loss 0.9925 | policy mixed nan% | MCTS mixed nan% | Azar policy nan% | Azar MCTS nan%
Iter  184 | nuevos  1839 | replay 300000 | loss 0.9843 | policy mixed nan% | MCTS mixed nan% | Azar policy nan% | Azar MCTS nan%
Iter  185 | nuevos  1897 | replay 300000 | loss 0.9864 | policy mixed nan% | MCTS mixed nan% | Azar policy nan% | Azar MCTS nan%
Iter  186 | nuevos  1896 | replay 300000 | loss 0.9890 | policy mixed nan% | MCTS mixed nan% | Azar policy nan% | Azar MCTS nan%
Iter  187 | nuevos  1809 | replay 300000 | loss 0.9812 | policy mixed nan% | MCTS mixed nan% | Azar policy nan% | Azar MCTS nan%
Iter  188 | nuevos  1748 | replay 300000 | loss 0.9652 | policy mixed nan% | MCTS mixed nan% | Azar policy nan% | Azar MCTS nan%
Iter  189 | nuevos  1851 | replay 300000 | loss 0.9953 | policy mixed nan% | MCTS mixed nan% | Azar policy nan% | Azar MCTS nan%
Iter  190 | nuevos  1758 | replay 300000 | loss 0.9724 | policy mixed nan% | MCTS mixed nan% | Azar policy nan% | Azar MCTS nan%
Iter  191 | nuevos  1848 | replay 300000 | loss 0.9732 | policy mixed nan% | MCTS mixed nan% | Azar policy nan% | Azar MCTS nan%
Iter  192 | nuevos  1802 | replay 300000 | loss 0.9742 | policy mixed nan% | MCTS mixed nan% | Azar policy nan% | Azar MCTS nan%
Iter  193 | nuevos  1807 | replay 300000 | loss 0.9595 | policy mixed nan% | MCTS mixed nan% | Azar policy nan% | Azar MCTS nan%
Iter  194 | nuevos  1807 | replay 300000 | loss 0.9604 | policy mixed nan% | MCTS mixed nan% | Azar policy nan% | Azar MCTS nan%
Iter  195 | nuevos  1851 | replay 300000 | loss 0.9732 | policy mixed nan% | MCTS mixed nan% | Azar policy nan% | Azar MCTS nan%
Iter  196 | nuevos  1785 | replay 300000 | loss 0.9628 | policy mixed nan% | MCTS mixed nan% | Azar policy nan% | Azar MCTS nan%
Iter  197 | nuevos  1776 | replay 300000 | loss 0.9666 | policy mixed nan% | MCTS mixed nan% | Azar policy nan% | Azar MCTS nan%
Iter  198 | nuevos  1897 | replay 300000 | loss 0.9652 | policy mixed nan% | MCTS mixed nan% | Azar policy nan% | Azar MCTS nan%
Iter  199 | nuevos  1809 | replay 300000 | loss 0.9686 | policy mixed nan% | MCTS mixed nan% | Azar policy nan% | Azar MCTS nan%
Iter  200 | nuevos  1757 | replay 300000 | loss 0.9457 | policy mixed 39.08% | MCTS mixed 60.33% | Azar policy 97.8% | Azar MCTS 99.6%
Modelo final guardado en /home/ocorzo/Codigo/Mancala/alphazero_continue_20261006/final.npz
Mejor policy guardado en /home/ocorzo/Codigo/Mancala/alphazero_continue_20261006/best_policy.npz con mixed=57.83%
Mejor MCTS guardado en /home/ocorzo/Codigo/Mancala/alphazero_continue_20261006/best_mcts.npz con mixed=70.82%
